pytest
/.github
/workflows/python-ci.yml